// Jest Snapshot v1, https://goo.gl/fbAQLP

exports[`LandingPage should render correctly 1`] = `
ShallowWrapper {
  Symbol(enzyme.__root__): [Circular],
  Symbol(enzyme.__unrendered__): <LandingPage
    getMedia={[MockFunction]}
    media={[MockFunction]}
  />,
  Symbol(enzyme.__renderer__): Object {
    "batchedUpdates": [Function],
    "getNode": [Function],
    "render": [Function],
    "simulateError": [Function],
    "simulateEvent": [Function],
    "unmount": [Function],
  },
  Symbol(enzyme.__node__): Object {
    "instance": null,
    "key": undefined,
    "nodeType": "host",
    "props": Object {
      "children": <div
        className="filter-header"
      >
        <h1>
          NASA Search
        </h1>
        <div
          className="search-bar"
        >
          <input
            className="input-box"
            name="search"
            onChange={[Function]}
            placeholder="Enter search text"
            type="text"
          />
          <button
            className="search-button"
            id="test"
            onClick={[Function]}
          >
            <ion-icon
              color="black"
              icon="search"
              size="large"
            />
          </button>
        </div>
        <div
          className="select-group"
        >
          <input
            className="select-checkbox"
            id="images"
            onChange={[Function]}
            type="checkbox"
            value="images"
          />
          <label
            className=""
            htmlFor="images"
          >
            Images
          </label>
          <input
            className="select-checkbox"
            id="audio"
            onChange={[Function]}
            type="checkbox"
            value="audio"
          />
          <label
            className=""
            htmlFor="audio"
          >
            Audio
          </label>
        </div>
        <div
          className="image-container"
        />
      </div>,
      "className": "filter-bar",
    },
    "ref": null,
    "rendered": Object {
      "instance": null,
      "key": undefined,
      "nodeType": "host",
      "props": Object {
        "children": Array [
          <h1>
            NASA Search
          </h1>,
          <div
            className="search-bar"
          >
            <input
              className="input-box"
              name="search"
              onChange={[Function]}
              placeholder="Enter search text"
              type="text"
            />
            <button
              className="search-button"
              id="test"
              onClick={[Function]}
            >
              <ion-icon
                color="black"
                icon="search"
                size="large"
              />
            </button>
          </div>,
          <div
            className="select-group"
          >
            <input
              className="select-checkbox"
              id="images"
              onChange={[Function]}
              type="checkbox"
              value="images"
            />
            <label
              className=""
              htmlFor="images"
            >
              Images
            </label>
            <input
              className="select-checkbox"
              id="audio"
              onChange={[Function]}
              type="checkbox"
              value="audio"
            />
            <label
              className=""
              htmlFor="audio"
            >
              Audio
            </label>
          </div>,
          <div
            className="image-container"
          />,
        ],
        "className": "filter-header",
      },
      "ref": null,
      "rendered": Array [
        Object {
          "instance": null,
          "key": undefined,
          "nodeType": "host",
          "props": Object {
            "children": "NASA Search",
          },
          "ref": null,
          "rendered": "NASA Search",
          "type": "h1",
        },
        Object {
          "instance": null,
          "key": undefined,
          "nodeType": "host",
          "props": Object {
            "children": Array [
              <input
                className="input-box"
                name="search"
                onChange={[Function]}
                placeholder="Enter search text"
                type="text"
              />,
              <button
                className="search-button"
                id="test"
                onClick={[Function]}
              >
                <ion-icon
                  color="black"
                  icon="search"
                  size="large"
                />
              </button>,
            ],
            "className": "search-bar",
          },
          "ref": null,
          "rendered": Array [
            Object {
              "instance": null,
              "key": undefined,
              "nodeType": "host",
              "props": Object {
                "className": "input-box",
                "name": "search",
                "onChange": [Function],
                "placeholder": "Enter search text",
                "type": "text",
              },
              "ref": null,
              "rendered": null,
              "type": "input",
            },
            Object {
              "instance": null,
              "key": undefined,
              "nodeType": "host",
              "props": Object {
                "children": <ion-icon
                  color="black"
                  icon="search"
                  size="large"
                />,
                "className": "search-button",
                "id": "test",
                "onClick": [Function],
              },
              "ref": null,
              "rendered": Object {
                "instance": null,
                "key": undefined,
                "nodeType": "host",
                "props": Object {
                  "color": "black",
                  "icon": "search",
                  "size": "large",
                },
                "ref": null,
                "rendered": null,
                "type": "ion-icon",
              },
              "type": "button",
            },
          ],
          "type": "div",
        },
        Object {
          "instance": null,
          "key": undefined,
          "nodeType": "host",
          "props": Object {
            "children": Array [
              <input
                className="select-checkbox"
                id="images"
                onChange={[Function]}
                type="checkbox"
                value="images"
              />,
              <label
                className=""
                htmlFor="images"
              >
                Images
              </label>,
              <input
                className="select-checkbox"
                id="audio"
                onChange={[Function]}
                type="checkbox"
                value="audio"
              />,
              <label
                className=""
                htmlFor="audio"
              >
                Audio
              </label>,
            ],
            "className": "select-group",
          },
          "ref": null,
          "rendered": Array [
            Object {
              "instance": null,
              "key": undefined,
              "nodeType": "host",
              "props": Object {
                "className": "select-checkbox",
                "id": "images",
                "onChange": [Function],
                "type": "checkbox",
                "value": "images",
              },
              "ref": null,
              "rendered": null,
              "type": "input",
            },
            Object {
              "instance": null,
              "key": undefined,
              "nodeType": "host",
              "props": Object {
                "children": "Images",
                "className": "",
                "htmlFor": "images",
              },
              "ref": null,
              "rendered": "Images",
              "type": "label",
            },
            Object {
              "instance": null,
              "key": undefined,
              "nodeType": "host",
              "props": Object {
                "className": "select-checkbox",
                "id": "audio",
                "onChange": [Function],
                "type": "checkbox",
                "value": "audio",
              },
              "ref": null,
              "rendered": null,
              "type": "input",
            },
            Object {
              "instance": null,
              "key": undefined,
              "nodeType": "host",
              "props": Object {
                "children": "Audio",
                "className": "",
                "htmlFor": "audio",
              },
              "ref": null,
              "rendered": "Audio",
              "type": "label",
            },
          ],
          "type": "div",
        },
        Object {
          "instance": null,
          "key": undefined,
          "nodeType": "host",
          "props": Object {
            "children": undefined,
            "className": "image-container",
          },
          "ref": null,
          "rendered": null,
          "type": "div",
        },
      ],
      "type": "div",
    },
    "type": "div",
  },
  Symbol(enzyme.__nodes__): Array [
    Object {
      "instance": null,
      "key": undefined,
      "nodeType": "host",
      "props": Object {
        "children": <div
          className="filter-header"
        >
          <h1>
            NASA Search
          </h1>
          <div
            className="search-bar"
          >
            <input
              className="input-box"
              name="search"
              onChange={[Function]}
              placeholder="Enter search text"
              type="text"
            />
            <button
              className="search-button"
              id="test"
              onClick={[Function]}
            >
              <ion-icon
                color="black"
                icon="search"
                size="large"
              />
            </button>
          </div>
          <div
            className="select-group"
          >
            <input
              className="select-checkbox"
              id="images"
              onChange={[Function]}
              type="checkbox"
              value="images"
            />
            <label
              className=""
              htmlFor="images"
            >
              Images
            </label>
            <input
              className="select-checkbox"
              id="audio"
              onChange={[Function]}
              type="checkbox"
              value="audio"
            />
            <label
              className=""
              htmlFor="audio"
            >
              Audio
            </label>
          </div>
          <div
            className="image-container"
          />
        </div>,
        "className": "filter-bar",
      },
      "ref": null,
      "rendered": Object {
        "instance": null,
        "key": undefined,
        "nodeType": "host",
        "props": Object {
          "children": Array [
            <h1>
              NASA Search
            </h1>,
            <div
              className="search-bar"
            >
              <input
                className="input-box"
                name="search"
                onChange={[Function]}
                placeholder="Enter search text"
                type="text"
              />
              <button
                className="search-button"
                id="test"
                onClick={[Function]}
              >
                <ion-icon
                  color="black"
                  icon="search"
                  size="large"
                />
              </button>
            </div>,
            <div
              className="select-group"
            >
              <input
                className="select-checkbox"
                id="images"
                onChange={[Function]}
                type="checkbox"
                value="images"
              />
              <label
                className=""
                htmlFor="images"
              >
                Images
              </label>
              <input
                className="select-checkbox"
                id="audio"
                onChange={[Function]}
                type="checkbox"
                value="audio"
              />
              <label
                className=""
                htmlFor="audio"
              >
                Audio
              </label>
            </div>,
            <div
              className="image-container"
            />,
          ],
          "className": "filter-header",
        },
        "ref": null,
        "rendered": Array [
          Object {
            "instance": null,
            "key": undefined,
            "nodeType": "host",
            "props": Object {
              "children": "NASA Search",
            },
            "ref": null,
            "rendered": "NASA Search",
            "type": "h1",
          },
          Object {
            "instance": null,
            "key": undefined,
            "nodeType": "host",
            "props": Object {
              "children": Array [
                <input
                  className="input-box"
                  name="search"
                  onChange={[Function]}
                  placeholder="Enter search text"
                  type="text"
                />,
                <button
                  className="search-button"
                  id="test"
                  onClick={[Function]}
                >
                  <ion-icon
                    color="black"
                    icon="search"
                    size="large"
                  />
                </button>,
              ],
              "className": "search-bar",
            },
            "ref": null,
            "rendered": Array [
              Object {
                "instance": null,
                "key": undefined,
                "nodeType": "host",
                "props": Object {
                  "className": "input-box",
                  "name": "search",
                  "onChange": [Function],
                  "placeholder": "Enter search text",
                  "type": "text",
                },
                "ref": null,
                "rendered": null,
                "type": "input",
              },
              Object {
                "instance": null,
                "key": undefined,
                "nodeType": "host",
                "props": Object {
                  "children": <ion-icon
                    color="black"
                    icon="search"
                    size="large"
                  />,
                  "className": "search-button",
                  "id": "test",
                  "onClick": [Function],
                },
                "ref": null,
                "rendered": Object {
                  "instance": null,
                  "key": undefined,
                  "nodeType": "host",
                  "props": Object {
                    "color": "black",
                    "icon": "search",
                    "size": "large",
                  },
                  "ref": null,
                  "rendered": null,
                  "type": "ion-icon",
                },
                "type": "button",
              },
            ],
            "type": "div",
          },
          Object {
            "instance": null,
            "key": undefined,
            "nodeType": "host",
            "props": Object {
              "children": Array [
                <input
                  className="select-checkbox"
                  id="images"
                  onChange={[Function]}
                  type="checkbox"
                  value="images"
                />,
                <label
                  className=""
                  htmlFor="images"
                >
                  Images
                </label>,
                <input
                  className="select-checkbox"
                  id="audio"
                  onChange={[Function]}
                  type="checkbox"
                  value="audio"
                />,
                <label
                  className=""
                  htmlFor="audio"
                >
                  Audio
                </label>,
              ],
              "className": "select-group",
            },
            "ref": null,
            "rendered": Array [
              Object {
                "instance": null,
                "key": undefined,
                "nodeType": "host",
                "props": Object {
                  "className": "select-checkbox",
                  "id": "images",
                  "onChange": [Function],
                  "type": "checkbox",
                  "value": "images",
                },
                "ref": null,
                "rendered": null,
                "type": "input",
              },
              Object {
                "instance": null,
                "key": undefined,
                "nodeType": "host",
                "props": Object {
                  "children": "Images",
                  "className": "",
                  "htmlFor": "images",
                },
                "ref": null,
                "rendered": "Images",
                "type": "label",
              },
              Object {
                "instance": null,
                "key": undefined,
                "nodeType": "host",
                "props": Object {
                  "className": "select-checkbox",
                  "id": "audio",
                  "onChange": [Function],
                  "type": "checkbox",
                  "value": "audio",
                },
                "ref": null,
                "rendered": null,
                "type": "input",
              },
              Object {
                "instance": null,
                "key": undefined,
                "nodeType": "host",
                "props": Object {
                  "children": "Audio",
                  "className": "",
                  "htmlFor": "audio",
                },
                "ref": null,
                "rendered": "Audio",
                "type": "label",
              },
            ],
            "type": "div",
          },
          Object {
            "instance": null,
            "key": undefined,
            "nodeType": "host",
            "props": Object {
              "children": undefined,
              "className": "image-container",
            },
            "ref": null,
            "rendered": null,
            "type": "div",
          },
        ],
        "type": "div",
      },
      "type": "div",
    },
  ],
  Symbol(enzyme.__options__): Object {
    "adapter": ReactSixteenAdapter {
      "options": Object {
        "enableComponentDidUpdateOnSetState": true,
        "lifecycles": Object {
          "componentDidUpdate": Object {
            "onSetState": true,
          },
          "getDerivedStateFromProps": true,
          "getSnapshotBeforeUpdate": true,
          "setState": Object {
            "skipsComponentDidUpdateOnNullish": true,
          },
        },
      },
    },
  },
}
`;
